                            << Main Menu >>

[A] TopTen Stats        [P] Programs/Doors Menu
[B] BBS Listings        [Q] Quick Menu  
[C] Chat with SysOp     [R] Rumor Menu
[D] Daily Log           [S] System Statistics
[E] Email Menu          [T] Transfer/Files Menu
[F] Feed Menu           [U] AutoSig Editor
[G] Logoff BBS          [V] Voting Menu
[I] System Info         [W] Who Called
[K] User Config         [Y] Your Statistics
[L] List Users          [Z] Pointer Set
[M] Message Menu        [N] View News

[!] Chat Request        [+] Change Password
[-] Change Menu Style   [^] Version Info
[/O] Quick Offline      [/W] Who's Online
[/SE] Send Message

                      Menu by The Necromancer [iCE]