[40m[2J[2C[0;1;30mэ[0mэ[6C[1;30mЧ[C[35mFull[CScreen[CMessage[CEditor[C[30mЧ[C[0;35mType[C[1;33m'[37m/?[33m'[C[0;35mFor[COnline[CHelp[C[1;30mЧ[7C[0mэ[1;30mэ[2;3HЧ[0mЧ[1mд[0mд[1;30mддддддддддддддддддддддддддддддддддддддд[s
[uдддддддддддддддддддддддддддд[0mд[1mд[0mЧ[1;30mЧ[3;3Hч[0mщ[4C[1;34mTo[5C[0;36mЗ[35C[1;34mIns[2C[0;36mЗ[18C[37mч[1;30mщ[4;3Hч[0mщ[4C[1;34mWhen[3C[0;36mЗ[35C[1;34mLine[C[0;36mЗ[18C[37mч[1;30mщ[5;3Hч[0mщ[4C[1;34mTitle[s
[u[2C[0;36mЗ[35C[1;34mAnon[C[0;36mЗ[18C[37mч[1;30mщ[6;3HЧ[0mЧ[1mд[0mд[1;30mддддддддддддддддддддддддддддддддддддддддддддддддддддддддддддддддддд[0mд[1mд[0mЧ[1;30mЧ[7;3Hъ[0mъ[71Cъ[1;30mъ[3;18H[37m|S[4;18H|D @ |T[5;18H|E[3;59H|I
[4;59H|L[5;59H|A[7;6H|#8|=15;[0m