[40m[2J[0;1;34mздд[C[33mMsg[C[34m╞[33C[30mЫ[0mЫ[1mЫ[CWhen[0m:[22C[1mЫ[0mЫ[1;30mЫ[C[34mд©[2;1HЁ[C[37mTitle[0m:[31C[1mTo[0m:[36C[1;34mЁ[3;1HЁ[C[37mFrom[C[0m:[70C[1;34mЁ[4;1Hюдддддддддддддддддддддддддддддддддддддддддддд[s
[uддддддддддддддддддддддддддддддддды[1;11H[35m@#@ of @N@[2;10H@T@[1;53H@D@ at @W@[2;44H@S@[3;10H@F@ [0;35m([1m@L@[0;35m)[16D[17C([1m@U@[0;35m)[0m[255D