[40m[2J[0;34mÚÄÄÄúú[Cú[C[1mMessage[0;33m:[9C[34mú[CúúÄÄÄÄÄúú[Cú[2C[1mPosted[CAt[0;33m:[21C[34mú[CúúÄÄÄ¿³[C[1mTitle[0;33m:[33C[1;34mTo[0;33m:[35C[34m³ÀÄÄÄúú[Cú[C[1mFrom[0;33m:[34C[34mú[CúúÄÄÄÄÄÄÄÄÄÄÄÄúú[Cú[4Cú[CúúÄÄÄÙ
[1;19H[1;33m@#@ of @N@[2;10H@T@[1;53H@D@ at @W@[2;46H@S@[3;16H@F@ [0;33m([1m@U@[0;33m)[0m[255D