[40m[2J[0;1m‹‹‹‹‹‹‹‹‹‹‹‹‹‹‹‹‹‹‹‹‹‹‹‹‹‹‹‹‹‹‹‹‹‹‹‹‹‹‹‹‹‹‹‹‹‹‹‹‹‹‹‹‹‹‹‹‹‹‹‹‹‹‹‹‹‹‹‹‹‹‹‹‹‹‹‹‹‹‹[2;1H[0;34;47m                                                                               [3;1H ˙ Base Name: [31m                    [34m     Msg[40m[s
[u[47m #/Date : [31m                         [34m˙ [4;1H ˙ Title    : [31m      [34m                   Sent By    : [31m                  [34m       ˙ [5;1H ˙ Sent To  : [31m         [34m                Sender Note: [31m              [40m[s
[u[47m  [34m         ˙ [6;1H                                                                               [7;1H[1;30;40mﬂﬂﬂﬂﬂﬂﬂﬂﬂﬂﬂﬂﬂﬂﬂﬂﬂﬂﬂﬂﬂﬂﬂﬂﬂﬂﬂﬂﬂﬂﬂﬂﬂﬂﬂﬂﬂﬂﬂﬂﬂﬂﬂﬂﬂﬂﬂﬂﬂﬂﬂﬂﬂﬂﬂﬂﬂﬂﬂﬂﬂﬂﬂﬂﬂﬂﬂﬂﬂﬂﬂﬂﬂﬂﬂﬂﬂﬂﬂ[3;15H[0;31;47m@B@[4;15H@T@[5;15H@S@[40m
[3;53H[47m@#@/@N@ @D@/@W@[4;53H@F@[5;53H@U@[54D[0m