[40m[2J[2;22H[0;31m∞±≤›€[1;37;41m Available Message Headers  [0;31mﬁ≤±∞[4;17H∞±≤ﬂﬂﬂﬂﬂﬂﬂﬂﬂﬂﬂﬂﬂﬂﬂﬂﬂﬂﬂﬂﬂﬂﬂﬂﬂﬂﬂﬂﬂﬂﬂﬂﬂﬂﬂﬂﬂﬂﬂﬂﬂ≤±∞[5;17H∞±≤[41C≤±∞[6;17H∞±≤[2C[37m[[1m1[0m][2C-[C[1;34mGeneric[CBlue[CBox[16C[0;31m≤±∞[7;17H∞±≤[2C[37m[[s
[u[1m2[0m][2C-[C[1;34mExtremly[CSimple[CMessage[CHeader[2C[0;31m≤±∞[8;17H∞±≤[2C[37m[[1m3[0m][2C-[C[1;34mLiQUiD[CBlue[CBox[CHeader[10C[0;31m≤±∞[9;17H∞±≤[2C[37m[[1m4[0m][2C-[C[1;34mGeneric[CTCS[CHeader[14C[0;31m≤±∞
[10;17H∞±≤[2C[37m[[1m5[0m][2C-[C[1;34mGray/White[CViSiON/2[CHeader[6C[0;31m≤±∞[11;17H∞±≤[2C[37m[[1m6[0m][2C-[C[1;34mCool[CV/2[CQuick[CHeader![10C[0;31m≤±∞[12;17H∞±≤[2C[37m[[1m7[0m][2C-[C[1;34mViSiON-X[CHeader[17C[s
[u[0;31m≤±∞[13;17H∞±≤[2C[37m[[1m8[0m][2C-[C[1;34mBouncer[CNeato[CHeader[12C[0;31m≤±∞[14;17H∞±≤[2C[37m[[1m9[0m][2C-[C[1;34mCelerity[CHeader[17C[0;31m≤±∞[15;17H∞±≤[2C[37m[[1m10[0m][C-[C[1;34mPC[CExpress[CHeader[15C[s
[u[0;31m≤±∞[16;17H∞±≤[2C[37m[[1m11[0m][C-[C[1;34mExtreme[CHeader[18C[0;31m≤±∞[17;17H∞±≤[2C[37m[[1m12[0m][C-[C[1;34mLSD[CHeader[22C[0;31m≤±∞[18;17H∞±≤[2C[37m[[1m13[0m][C-[C[1;34mRenegade[CHeader[17C[0;31m≤±∞[19;17H∞±≤[s
[u[2C[37m[[1m14[0m][C-[C[1;34mViSiON-X[CGrey/White[CHeader[6C[0;31m≤±∞[20;17H∞±≤[41C≤±∞[21;17H∞±≤[2C[1;33mSelection[0;35m;[C[[1;33m#[0;35m][C[1;33mNumber[C[0;35m[[2C][13C[31m≤±∞[22;17H∞±≤‹‹‹‹‹‹‹‹‹‹‹‹‹‹‹‹‹‹‹‹‹‹‹‹‹‹‹‹‹‹‹‹‹‹‹‹[s
[u‹‹‹‹‹≤±∞[21;45H[37;40m