[40m[2J[5B[0;35mÄÄÄÄÄÄÄÄÄÄÄÄÄÄÄÄÄÄÄÄÄÄÄÄÄÄÄÄÄÄÄ[8H[1;37mOh[CGoody,[CNow[Cits[Ctime[Cto[Cleave[9Hsome[Cfeedback.[2CExplain[CWHY[Cyou[10Hwant[Caccess[Chere,[2CWHAT[Cyou[11Hexpect[Cfrom[Cthis[CBBS,[2CWHAT[Cyou[12Hhave[Cto[Co[s
[uffer[Cthis[CBBS,[COther[13HUsers[Cwho[Cknow[Cyou,[Cand[Ca[C100[14Hword[Cessay[Cof[Cwhat[Cyou[Cdid[Clast[15Hsummer.[17H[0;35mÄÄÄÄÄÄÄÄÄÄÄÄÄÄÄÄÄÄÄÄÄÄÄÄÄÄÄÄÄÄÄ[0m[255D